TEST_009_FILE_OK
